// Jest Snapshot v1, https://goo.gl/fbAQLP

exports[`<Main /> should render the heading 1`] = `
<main
  class="sc-bdnxRM eCfYUM"
>
  <img
    alt="Imagem de um átomo e React Avançado escrito ao lado."
    class="sc-gtsrHT gNmutz"
    src="/logo.svg"
  />
  <h1
    class="sc-dlnjwi faoYDH"
  >
    React Avançado
  </h1>
  <h2
    class="sc-hKFxyN iZJdrJ"
  >
    CRA, TypeScript e Styled Components
  </h2>
  <img
    alt="Um desenvolvedor de frente para uma tela com código."
    class="sc-eCApnc cnUamd"
    src="/hero-illustration.svg"
  />
</main>
`;
